// Jest Snapshot v1, https://goo.gl/fbAQLP

exports[`snapshots 最新のスナップショットに更新されている 1`] = `
@keyframes animation-0 {
  0% {
    -webkit-transform: rotate(0deg);
    -moz-transform: rotate(0deg);
    -ms-transform: rotate(0deg);
    transform: rotate(0deg);
  }

  100% {
    -webkit-transform: rotate(360deg);
    -moz-transform: rotate(360deg);
    -ms-transform: rotate(360deg);
    transform: rotate(360deg);
  }
}

.emotion-0 {
  display: -webkit-box;
  display: -webkit-flex;
  display: -ms-flexbox;
  display: flex;
  -webkit-flex-direction: column;
  -ms-flex-direction: column;
  flex-direction: column;
  min-height: 100vh;
}

.emotion-1 {
  display: -webkit-box;
  display: -webkit-flex;
  display: -ms-flexbox;
  display: flex;
  -webkit-flex-direction: column;
  -ms-flex-direction: column;
  flex-direction: column;
  -webkit-align-items: center;
  -webkit-box-align: center;
  -ms-flex-align: center;
  align-items: center;
  -webkit-box-pack: center;
  -ms-flex-pack: center;
  -webkit-justify-content: center;
  justify-content: center;
  height: 100vh;
}

.emotion-2 {
  display: inline-block;
  border-color: currentColor;
  border-style: solid;
  border-radius: 99999px;
  border-width: 4px;
  border-bottom-color: gray.200;
  border-left-color: gray.200;
  -webkit-animation: animation-0 0.65s linear infinite;
  animation: animation-0 0.65s linear infinite;
}

.emotion-3 {
  border: 0px;
  clip: rect(0px, 0px, 0px, 0px);
  height: 1px;
  width: 1px;
  margin: -1px;
  padding: 0px;
  overflow: hidden;
  white-space: nowrap;
  position: absolute;
}

<div>
  <div
    class="emotion-0"
    data-cy="CallbackTemplate"
    data-testid="CallbackTemplate"
  >
    <div
      class="emotion-1"
    >
      <div
        class="chakra-spinner emotion-2"
      >
        <span
          class="emotion-3"
        >
          Now loading
        </span>
      </div>
    </div>
  </div>
</div>
`;
